1 2022/11/17 21:50:16 945 [INFO] : 系统启动
2 2022/11/17 21:50:16 950 [INFO] : 编译时间：2022/11/17 21:49:58
3 2022/11/17 21:50:18 642 [INFO] : Microsoft Windows [版本 10.0.19043.1055]
(c) Microsoft Corporation。保留所有权利。

G:\Project2\ZSH\src\lora_relay\bin\新建文件夹>m_route.bat & exit

G:\Project2\ZSH\src\lora_relay\bin\新建文件夹>route DELETE 192.168.168.11 
 操作完成!

G:\Project2\ZSH\src\lora_relay\bin\新建文件夹>route DELETE 192.168.168.21 
 操作完成!

G:\Project2\ZSH\src\lora_relay\bin\新建文件夹>route DELETE 192.168.168.31 
 操作完成!

G:\Project2\ZSH\src\lora_relay\bin\新建文件夹>route DELETE 192.168.168.41 
 操作完成!

G:\Project2\ZSH\src\lora_relay\bin\新建文件夹>route DELETE 192.168.168.51 
 操作完成!

G:\Project2\ZSH\src\lora_relay\bin\新建文件夹>route DELETE 192.168.168.61 
 操作完成!

G:\Project2\ZSH\src\lora_relay\bin\新建文件夹>route DELETE 192.168.168.71 
 操作完成!

G:\Project2\ZSH\src\lora_relay\bin\新建文件夹>route DELETE 192.168.168.81 
 操作完成!

G:\Project2\ZSH\src\lora_relay\bin\新建文件夹>route DELETE 192.168.168.91 
 操作完成!

G:\Project2\ZSH\src\lora_relay\bin\新建文件夹>route DELETE 192.168.168.101 
 操作完成!

G:\Project2\ZSH\src\lora_relay\bin\新建文件夹>route DELETE 192.168.168.111 
 操作完成!

G:\Project2\ZSH\src\lora_relay\bin\新建文件夹>route DELETE 192.168.168.121 
 操作完成!

G:\Project2\ZSH\src\lora_relay\bin\新建文件夹>route DELETE 192.168.168.131 
 操作完成!

G:\Project2\ZSH\src\lora_relay\bin\新建文件夹>route DELETE 192.168.168.141 
 操作完成!

G:\Project2\ZSH\src\lora_relay\bin\新建文件夹>route DELETE 192.168.168.151 
 操作完成!

G:\Project2\ZSH\src\lora_relay\bin\新建文件夹>route DELETE 192.168.168.161 

G:\Project2\ZSH\src\lora_relay\bin\新建文件夹>route ADD 192.168.168.11 MASK 255.255.255.255 192.168.169.10  
 操作完成!

G:\Project2\ZSH\src\lora_relay\bin\新建文件夹>route ADD 192.168.168.21 MASK 255.255.255.255 192.168.169.20  
 操作完成!

G:\Project2\ZSH\src\lora_relay\bin\新建文件夹>route ADD 192.168.168.31 MASK 255.255.255.255 192.168.169.30  
 操作完成!

G:\Project2\ZSH\src\lora_relay\bin\新建文件夹>route ADD 192.168.168.41 MASK 255.255.255.255 192.168.169.40  
 操作完成!

G:\Project2\ZSH\src\lora_relay\bin\新建文件夹>route ADD 192.168.168.51 MASK 255.255.255.255 192.168.169.50  
 操作完成!

G:\Project2\ZSH\src\lora_relay\bin\新建文件夹>route ADD 192.168.168.61 MASK 255.255.255.255 192.168.169.60  
 操作完成!

G:\Project2\ZSH\src\lora_relay\bin\新建文件夹>route ADD 192.168.168.71 MASK 255.255.255.255 192.168.169.70  
 操作完成!

G:\Project2\ZSH\src\lora_relay\bin\新建文件夹>route ADD 192.168.168.81 MASK 255.255.255.255 192.168.169.80  
 操作完成!

G:\Project2\ZSH\src\lora_relay\bin\新建文件夹>route ADD 192.168.168.91 MASK 255.255.255.255 192.168.169.90  
 操作完成!

G:\Project2\ZSH\src\lora_relay\bin\新建文件夹>route ADD 192.168.168.101 MASK 255.255.255.255 192.168.169.102  
 操作完成!

G:\Project2\ZSH\src\lora_relay\bin\新建文件夹>route ADD 192.168.168.111 MASK 255.255.255.255 192.168.169.110  
 操作完成!

G:\Project2\ZSH\src\lora_relay\bin\新建文件夹>route ADD 192.168.168.121 MASK 255.255.255.255 192.168.169.120  
 操作完成!

G:\Project2\ZSH\src\lora_relay\bin\新建文件夹>route ADD 192.168.168.131 MASK 255.255.255.255 192.168.169.130  
 操作完成!

G:\Project2\ZSH\src\lora_relay\bin\新建文件夹>route ADD 192.168.168.141 MASK 255.255.255.255 192.168.169.140  
 操作完成!

G:\Project2\ZSH\src\lora_relay\bin\新建文件夹>route ADD 192.168.168.151 MASK 255.255.255.255 192.168.169.150  
 操作完成!

G:\Project2\ZSH\src\lora_relay\bin\新建文件夹>route ADD 192.168.168.161 MASK 255.255.255.255 192.168.169.160  
 操作完成!

G:\Project2\ZSH\src\lora_relay\bin\新建文件夹>route DELETE 192.168.168.201 

G:\Project2\ZSH\src\lora_relay\bin\新建文件夹>route DELETE 192.168.168.202 

G:\Project2\ZSH\src\lora_relay\bin\新建文件夹>route DELETE 192.168.168.203 

G:\Project2\ZSH\src\lora_relay\bin\新建文件夹>route DELETE 192.168.168.204 

G:\Project2\ZSH\src\lora_relay\bin\新建文件夹>route DELETE 192.168.168.205 

G:\Project2\ZSH\src\lora_relay\bin\新建文件夹>route DELETE 192.168.168.206 

G:\Project2\ZSH\src\lora_relay\bin\新建文件夹>route ADD 192.168.168.201 MASK 255.255.255.255 192.168.169.10 
 操作完成!

G:\Project2\ZSH\src\lora_relay\bin\新建文件夹>route ADD 192.168.168.202 MASK 255.255.255.255 192.168.169.10 
 操作完成!

G:\Project2\ZSH\src\lora_relay\bin\新建文件夹>route ADD 192.168.168.203 MASK 255.255.255.255 192.168.169.10 
 操作完成!

G:\Project2\ZSH\src\lora_relay\bin\新建文件夹>route ADD 192.168.168.204 MASK 255.255.255.255 192.168.169.10 
 操作完成!

G:\Project2\ZSH\src\lora_relay\bin\新建文件夹>route ADD 192.168.168.205 MASK 255.255.255.255 192.168.169.10 
 操作完成!

G:\Project2\ZSH\src\lora_relay\bin\新建文件夹>route ADD 192.168.168.206 MASK 255.255.255.255 192.168.169.10 
 操作完成!

G:\Project2\ZSH\src\lora_relay\bin\新建文件夹>route print 
===========================================================================
接口列表
 11...fc aa 14 e3 e5 38 ......Realtek PCIe GBE Family Controller
 20...0a 00 27 00 00 14 ......VirtualBox Host-Only Ethernet Adapter
  1...........................Software Loopback Interface 1
===========================================================================

IPv4 路由表
===========================================================================
活动路由:
网络目标        网络掩码          网关       接口   跃点数
          0.0.0.0          0.0.0.0     192.168.31.1      192.168.1.2    281
        127.0.0.0        255.0.0.0            在链路上         127.0.0.1    331
        127.0.0.1  255.255.255.255            在链路上         127.0.0.1    331
  127.255.255.255  255.255.255.255            在链路上         127.0.0.1    331
      192.168.1.0    255.255.255.0            在链路上       192.168.1.2    281
      192.168.1.2  255.255.255.255            在链路上       192.168.1.2    281
    192.168.1.255  255.255.255.255            在链路上       192.168.1.2    281
     192.168.31.0    255.255.255.0            在链路上       192.168.1.2    281
    192.168.31.60  255.255.255.255            在链路上       192.168.1.2    281
   192.168.31.255  255.255.255.255            在链路上       192.168.1.2    281
     192.168.56.0    255.255.255.0            在链路上      192.168.56.1    281
     192.168.56.1  255.255.255.255            在链路上      192.168.56.1    281
   192.168.56.255  255.255.255.255            在链路上      192.168.56.1    281
     192.168.66.0    255.255.255.0            在链路上       192.168.1.2    281
    192.168.66.55  255.255.255.255            在链路上       192.168.1.2    281
   192.168.66.255  255.255.255.255            在链路上       192.168.1.2    281
    192.168.168.0    255.255.255.0            在链路上       192.168.1.2    281
   192.168.168.11  255.255.255.255   192.168.169.10      192.168.1.2     26
   192.168.168.21  255.255.255.255   192.168.169.20      192.168.1.2     26
   192.168.168.31  255.255.255.255   192.168.169.30      192.168.1.2     26
   192.168.168.41  255.255.255.255   192.168.169.40      192.168.1.2     26
   192.168.168.51  255.255.255.255   192.168.169.50      192.168.1.2     26
   192.168.168.60  255.255.255.255            在链路上       192.168.1.2    281
   192.168.168.61  255.255.255.255   192.168.169.60      192.168.1.2     26
   192.168.168.71  255.255.255.255   192.168.169.70      192.168.1.2     26
   192.168.168.81  255.255.255.255   192.168.169.80      192.168.1.2     26
   192.168.168.91  255.255.255.255   192.168.169.90      192.168.1.2     26
  192.168.168.101  255.255.255.255  192.168.169.102      192.168.1.2     26
  192.168.168.111  255.255.255.255  192.168.169.110      192.168.1.2     26
  192.168.168.121  255.255.255.255  192.168.169.120      192.168.1.2     26
  192.168.168.131  255.255.255.255  192.168.169.130      192.168.1.2     26
  192.168.168.141  255.255.255.255  192.168.169.140      192.168.1.2     26
  192.168.168.151  255.255.255.255  192.168.169.150      192.168.1.2     26
  192.168.168.161  255.255.255.255  192.168.169.160      192.168.1.2     26
  192.168.168.201  255.255.255.255   192.168.169.10      192.168.1.2     26
  192.168.168.202  255.255.255.255   192.168.169.10      192.168.1.2     26
  192.168.168.203  255.255.255.255   192.168.169.10      192.168.1.2     26
  192.168.168.204  255.255.255.255   192.168.169.10      192.168.1.2     26
  192.168.168.205  255.255.255.255   192.168.169.10      192.168.1.2     26
  192.168.168.206  255.255.255.255   192.168.169.10      192.168.1.2     26
  192.168.168.255  255.255.255.255            在链路上       192.168.1.2    281
        224.0.0.0        240.0.0.0            在链路上         127.0.0.1    331
        224.0.0.0        240.0.0.0            在链路上      192.168.56.1    281
        224.0.0.0        240.0.0.0            在链路上       192.168.1.2    281
  255.255.255.255  255.255.255.255            在链路上         127.0.0.1    331
  255.255.255.255  255.255.255.255            在链路上      192.168.56.1    281
  255.255.255.255  255.255.255.255            在链路上       192.168.1.2    281
===========================================================================
永久路由:
  网络地址          网络掩码  网关地址  跃点数
          0.0.0.0          0.0.0.0     192.168.31.1     默认 
===========================================================================

IPv6 路由表
===========================================================================
活动路由:
 接口跃点数网络目标                网关
  1    331 ::1/128                  在链路上
 20    281 fe80::/64                在链路上
 11    281 fe80::/64                在链路上
 20    281 fe80::ca4:fce6:5296:5845/128
                                    在链路上
 11    281 fe80::b990:c6a6:acd9:e63f/128
                                    在链路上
  1    331 ff00::/8                 在链路上
 20    281 ff00::/8                 在链路上
 11    281 ff00::/8                 在链路上
===========================================================================
永久路由:
  无

G:\Project2\ZSH\src\lora_relay\bin\新建文件夹>exit

4 2022/11/17 21:50:18 642 [INFO] : 路由初始化完成, 1691ms
5 2022/11/17 21:50:18 671 [INFO] : 添加主机“101=COM,192.168.169.199,8101”
6 2022/11/17 21:50:18 673 [INFO] : 添加主机“102=COM,192.168.169.199,8102”
7 2022/11/17 21:50:18 674 [INFO] : 添加主机“1=AP,192.168.168.11,1234”
8 2022/11/17 21:50:18 674 [INFO] : 添加主机“2=AP,192.168.168.21,1234”
9 2022/11/17 21:50:18 675 [INFO] : 添加主机“3=AP,192.168.168.31,1234”
10 2022/11/17 21:50:18 675 [INFO] : 添加主机“4=AP,192.168.168.41,1234”
11 2022/11/17 21:50:18 676 [INFO] : 添加主机“5=AP,192.168.168.51,1234”
12 2022/11/17 21:50:18 676 [INFO] : 添加主机“6=AP,192.168.168.61,1234”
13 2022/11/17 21:50:18 676 [INFO] : 添加主机“7=AP,192.168.168.71,1234”
14 2022/11/17 21:50:18 676 [INFO] : 添加主机“8=AP,192.168.168.81,1234”
15 2022/11/17 21:50:18 676 [INFO] : 添加主机“9=AP,192.168.168.91,1234”
16 2022/11/17 21:50:18 676 [ERROR] : 无效主机 “#10=AP,192.168.168.101,1234”
17 2022/11/17 21:50:18 676 [INFO] : 添加主机“11=AP,192.168.168.111,1234”
18 2022/11/17 21:50:18 676 [INFO] : 添加主机“12=AP,192.168.168.121,1234”
19 2022/11/17 21:50:18 677 [INFO] : 添加主机“13=AP,192.168.168.131,1234”
20 2022/11/17 21:50:18 677 [INFO] : 添加主机“14=AP,192.168.168.141,1234”
21 2022/11/17 21:50:18 677 [INFO] : 添加主机“15=AP,192.168.168.151,1234”
22 2022/11/17 21:50:18 677 [INFO] : 添加主机“16=AP,192.168.168.161,1234”
23 2022/11/17 21:50:18 681 [INFO] : TCP服务端启动成功(10666)
24 2022/11/17 21:50:18 681 [INFO] : 添加SSN主机“110”
25 2022/11/17 21:50:18 681 [INFO] : 添加SSN主机“111”
26 2022/11/17 21:50:18 697 [INFO] : UDP启动成功
27 2022/11/17 21:50:18 713 [INFO] : 配置加载成功, 1762ms
28 2022/11/17 21:50:25 791 [INFO] : 地图加载成功, 8840ms
29 2022/11/17 21:50:25 797 [INFO] : 系统初始化完成
30 2022/11/17 21:50:31 015 [INFO] : 系统退出
31 2022/11/17 21:50:31 015 [INFO] : UDP停止
