1 2022/11/18 18:32:04 485 [INFO] : 系统启动
2 2022/11/18 18:32:04 485 [INFO] : 编译时间：2022/11/17 21:49:58
3 2022/11/18 18:32:05 150 [INFO] : Microsoft Windows [版本 10.0.19043.2251]
(c) Microsoft Corporation。保留所有权利。

F:\桌面\bin\bin>m_route.bat & exit

F:\桌面\bin\bin>route DELETE 192.168.168.11 
 操作完成!

F:\桌面\bin\bin>route DELETE 192.168.168.21 
 操作完成!

F:\桌面\bin\bin>route DELETE 192.168.168.31 
 操作完成!

F:\桌面\bin\bin>route DELETE 192.168.168.41 
 操作完成!

F:\桌面\bin\bin>route DELETE 192.168.168.51 
 操作完成!

F:\桌面\bin\bin>route DELETE 192.168.168.61 
 操作完成!

F:\桌面\bin\bin>route DELETE 192.168.168.71 
 操作完成!

F:\桌面\bin\bin>route DELETE 192.168.168.81 
 操作完成!

F:\桌面\bin\bin>route DELETE 192.168.168.91 
 操作完成!

F:\桌面\bin\bin>route DELETE 192.168.168.101 
 操作完成!

F:\桌面\bin\bin>route DELETE 192.168.168.111 
 操作完成!

F:\桌面\bin\bin>route DELETE 192.168.168.121 
 操作完成!

F:\桌面\bin\bin>route DELETE 192.168.168.131 
 操作完成!

F:\桌面\bin\bin>route DELETE 192.168.168.141 
 操作完成!

F:\桌面\bin\bin>route DELETE 192.168.168.151 
 操作完成!

F:\桌面\bin\bin>route DELETE 192.168.168.161 
 操作完成!

F:\桌面\bin\bin>route ADD 192.168.168.11 MASK 255.255.255.255 192.168.169.10  
 操作完成!

F:\桌面\bin\bin>route ADD 192.168.168.21 MASK 255.255.255.255 192.168.169.20  
 操作完成!

F:\桌面\bin\bin>route ADD 192.168.168.31 MASK 255.255.255.255 192.168.169.30  
 操作完成!

F:\桌面\bin\bin>route ADD 192.168.168.41 MASK 255.255.255.255 192.168.169.40  
 操作完成!

F:\桌面\bin\bin>route ADD 192.168.168.51 MASK 255.255.255.255 192.168.169.50  
 操作完成!

F:\桌面\bin\bin>route ADD 192.168.168.61 MASK 255.255.255.255 192.168.169.60  
 操作完成!

F:\桌面\bin\bin>route ADD 192.168.168.71 MASK 255.255.255.255 192.168.169.70  
 操作完成!

F:\桌面\bin\bin>route ADD 192.168.168.81 MASK 255.255.255.255 192.168.169.80  
 操作完成!

F:\桌面\bin\bin>route ADD 192.168.168.91 MASK 255.255.255.255 192.168.169.90  
 操作完成!

F:\桌面\bin\bin>route ADD 192.168.168.101 MASK 255.255.255.255 192.168.169.102  
 操作完成!

F:\桌面\bin\bin>route ADD 192.168.168.111 MASK 255.255.255.255 192.168.169.110  
 操作完成!

F:\桌面\bin\bin>route ADD 192.168.168.121 MASK 255.255.255.255 192.168.169.120  
 操作完成!

F:\桌面\bin\bin>route ADD 192.168.168.131 MASK 255.255.255.255 192.168.169.130  
 操作完成!

F:\桌面\bin\bin>route ADD 192.168.168.141 MASK 255.255.255.255 192.168.169.140  
 操作完成!

F:\桌面\bin\bin>route ADD 192.168.168.151 MASK 255.255.255.255 192.168.169.150  
 操作完成!

F:\桌面\bin\bin>route ADD 192.168.168.161 MASK 255.255.255.255 192.168.169.160  
 操作完成!

F:\桌面\bin\bin>route DELETE 192.168.168.201 
 操作完成!

F:\桌面\bin\bin>route DELETE 192.168.168.202 
 操作完成!

F:\桌面\bin\bin>route DELETE 192.168.168.203 
 操作完成!

F:\桌面\bin\bin>route DELETE 192.168.168.204 
 操作完成!

F:\桌面\bin\bin>route DELETE 192.168.168.205 
 操作完成!

F:\桌面\bin\bin>route DELETE 192.168.168.206 
 操作完成!

F:\桌面\bin\bin>route ADD 192.168.168.201 MASK 255.255.255.255 192.168.169.10 
 操作完成!

F:\桌面\bin\bin>route ADD 192.168.168.202 MASK 255.255.255.255 192.168.169.10 
 操作完成!

F:\桌面\bin\bin>route ADD 192.168.168.203 MASK 255.255.255.255 192.168.169.10 
 操作完成!

F:\桌面\bin\bin>route ADD 192.168.168.204 MASK 255.255.255.255 192.168.169.10 
 操作完成!

F:\桌面\bin\bin>route ADD 192.168.168.205 MASK 255.255.255.255 192.168.169.10 
 操作完成!

F:\桌面\bin\bin>route ADD 192.168.168.206 MASK 255.255.255.255 192.168.169.10 
 操作完成!

F:\桌面\bin\bin>route print 
===========================================================================
接口列表
  6...3e 91 80 c6 3a b7 ......Microsoft Wi-Fi Direct Virtual Adapter #3
 21...be 91 80 c6 3a b7 ......Microsoft Wi-Fi Direct Virtual Adapter #4
 16...b4 a9 fc 01 99 1f ......Realtek PCIe GbE Family Controller
  2...00 50 56 c0 00 01 ......VMware Virtual Ethernet Adapter for VMnet1
  7...00 50 56 c0 00 08 ......VMware Virtual Ethernet Adapter for VMnet8
  4...3c 91 80 c6 3a b7 ......Realtek 8821CE Wireless LAN 802.11ac PCI-E NIC
  5...3c 91 80 c6 3a b8 ......Bluetooth Device (Personal Area Network)
  1...........................Software Loopback Interface 1
===========================================================================

IPv4 路由表
===========================================================================
活动路由:
网络目标        网络掩码          网关       接口   跃点数
          0.0.0.0          0.0.0.0    192.168.123.1   192.168.123.36     35
        127.0.0.0        255.0.0.0            在链路上         127.0.0.1    331
        127.0.0.1  255.255.255.255            在链路上         127.0.0.1    331
  127.255.255.255  255.255.255.255            在链路上         127.0.0.1    331
    192.168.123.0    255.255.255.0            在链路上    192.168.123.36    291
   192.168.123.36  255.255.255.255            在链路上    192.168.123.36    291
  192.168.123.255  255.255.255.255            在链路上    192.168.123.36    291
    192.168.157.0    255.255.255.0            在链路上     192.168.157.1    291
    192.168.157.1  255.255.255.255            在链路上     192.168.157.1    291
  192.168.157.255  255.255.255.255            在链路上     192.168.157.1    291
   192.168.168.11  255.255.255.255   192.168.169.10   192.168.123.36     36
   192.168.168.21  255.255.255.255   192.168.169.20   192.168.123.36     36
   192.168.168.31  255.255.255.255   192.168.169.30   192.168.123.36     36
   192.168.168.41  255.255.255.255   192.168.169.40   192.168.123.36     36
   192.168.168.51  255.255.255.255   192.168.169.50   192.168.123.36     36
   192.168.168.61  255.255.255.255   192.168.169.60   192.168.123.36     36
   192.168.168.71  255.255.255.255   192.168.169.70   192.168.123.36     36
   192.168.168.81  255.255.255.255   192.168.169.80   192.168.123.36     36
   192.168.168.91  255.255.255.255   192.168.169.90   192.168.123.36     36
  192.168.168.101  255.255.255.255  192.168.169.102   192.168.123.36     36
  192.168.168.111  255.255.255.255  192.168.169.110   192.168.123.36     36
  192.168.168.121  255.255.255.255  192.168.169.120   192.168.123.36     36
  192.168.168.131  255.255.255.255  192.168.169.130   192.168.123.36     36
  192.168.168.141  255.255.255.255  192.168.169.140   192.168.123.36     36
  192.168.168.151  255.255.255.255  192.168.169.150   192.168.123.36     36
  192.168.168.161  255.255.255.255  192.168.169.160   192.168.123.36     36
  192.168.168.201  255.255.255.255   192.168.169.10   192.168.123.36     36
  192.168.168.202  255.255.255.255   192.168.169.10   192.168.123.36     36
  192.168.168.203  255.255.255.255   192.168.169.10   192.168.123.36     36
  192.168.168.204  255.255.255.255   192.168.169.10   192.168.123.36     36
  192.168.168.205  255.255.255.255   192.168.169.10   192.168.123.36     36
  192.168.168.206  255.255.255.255   192.168.169.10   192.168.123.36     36
    192.168.235.0    255.255.255.0            在链路上     192.168.235.1    291
    192.168.235.1  255.255.255.255            在链路上     192.168.235.1    291
  192.168.235.255  255.255.255.255            在链路上     192.168.235.1    291
        224.0.0.0        240.0.0.0            在链路上         127.0.0.1    331
        224.0.0.0        240.0.0.0            在链路上     192.168.157.1    291
        224.0.0.0        240.0.0.0            在链路上     192.168.235.1    291
        224.0.0.0        240.0.0.0            在链路上    192.168.123.36    291
  255.255.255.255  255.255.255.255            在链路上         127.0.0.1    331
  255.255.255.255  255.255.255.255            在链路上     192.168.157.1    291
  255.255.255.255  255.255.255.255            在链路上     192.168.235.1    291
  255.255.255.255  255.255.255.255            在链路上    192.168.123.36    291
===========================================================================
永久路由:
  无

IPv6 路由表
===========================================================================
活动路由:
 接口跃点数网络目标                网关
  1    331 ::1/128                  在链路上
  2    291 fe80::/64                在链路上
  7    291 fe80::/64                在链路上
 16    291 fe80::/64                在链路上
 16    291 fe80::23e3:2b21:d87c:faba/128
                                    在链路上
  7    291 fe80::4101:3c54:e089:69bf/128
                                    在链路上
  2    291 fe80::5cd6:3874:80e:63fe/128
                                    在链路上
  1    331 ff00::/8                 在链路上
  2    291 ff00::/8                 在链路上
  7    291 ff00::/8                 在链路上
 16    291 ff00::/8                 在链路上
===========================================================================
永久路由:
  无

F:\桌面\bin\bin>exit

4 2022/11/18 18:32:05 150 [INFO] : 路由初始化完成, 665ms
5 2022/11/18 18:32:05 166 [INFO] : 添加主机“101=COM,192.168.169.199,8101”
6 2022/11/18 18:32:05 182 [INFO] : 添加主机“102=COM,192.168.169.199,8102”
7 2022/11/18 18:32:05 182 [INFO] : 添加主机“1=AP,192.168.168.11,1234”
8 2022/11/18 18:32:05 182 [INFO] : 添加主机“2=AP,192.168.168.21,1234”
9 2022/11/18 18:32:05 182 [INFO] : 添加主机“3=AP,192.168.168.31,1234”
10 2022/11/18 18:32:05 182 [INFO] : 添加主机“4=AP,192.168.168.41,1234”
11 2022/11/18 18:32:05 182 [INFO] : 添加主机“5=AP,192.168.168.51,1234”
12 2022/11/18 18:32:05 182 [INFO] : 添加主机“6=AP,192.168.168.61,1234”
13 2022/11/18 18:32:05 182 [INFO] : 添加主机“7=AP,192.168.168.71,1234”
14 2022/11/18 18:32:05 182 [INFO] : 添加主机“8=AP,192.168.168.81,1234”
15 2022/11/18 18:32:05 182 [INFO] : 添加主机“9=AP,192.168.168.91,1234”
16 2022/11/18 18:32:05 182 [ERROR] : 无效主机 “#10=AP,192.168.168.101,1234”
17 2022/11/18 18:32:05 182 [INFO] : 添加主机“11=AP,192.168.168.111,1234”
18 2022/11/18 18:32:05 182 [INFO] : 添加主机“12=AP,192.168.168.121,1234”
19 2022/11/18 18:32:05 182 [INFO] : 添加主机“13=AP,192.168.168.131,1234”
20 2022/11/18 18:32:05 182 [INFO] : 添加主机“14=AP,192.168.168.141,1234”
21 2022/11/18 18:32:05 182 [INFO] : 添加主机“15=AP,192.168.168.151,1234”
22 2022/11/18 18:32:05 182 [INFO] : 添加主机“16=AP,192.168.168.161,1234”
23 2022/11/18 18:32:05 182 [INFO] : TCP服务端启动成功(10666)
24 2022/11/18 18:32:05 182 [INFO] : 添加SSN主机“110”
25 2022/11/18 18:32:05 182 [INFO] : 添加SSN主机“111”
26 2022/11/18 18:32:05 197 [INFO] : UDP启动成功
27 2022/11/18 18:32:05 213 [INFO] : 配置加载成功, 728ms
28 2022/11/18 18:32:10 430 [INFO] : 地图加载成功, 5945ms
29 2022/11/18 18:32:10 430 [INFO] : 系统初始化完成
30 2022/11/19 19:51:40 053 [INFO] : 系统退出
31 2022/11/19 19:51:40 053 [INFO] : UDP停止
